// Jest Snapshot v1, https://goo.gl/fbAQLP

exports[`Documents Component should match snapshot 1`] = `
<div
  className="theme-root-2366926892 react-uwp-theme-dark"
>
  <RenderToBody
    className="fluent-background-3499734374"
  />
  <RenderToBody>
    <ToastWrapper />
  </RenderToBody>
  <Documents
    docs={
      Array [
        Object {
          "pages": Array [],
          "title": "a",
        },
        Object {
          "pages": Array [],
          "title": "b",
        },
        Object {
          "pages": Array [],
          "title": "c",
        },
        Object {
          "pages": Array [],
          "title": "d",
        },
      ]
    }
    pagePadding={2}
    pageSize={10}
    pagenationWidth="100%"
  />
</div>
`;
